[    0.000000] Linux version 4.15.0-112-generic (buildd@lcy01-amd64-027) (gcc version 7.5.0 (Ubuntu 7.5.0-3ubuntu1~18.04)) #113-Ubuntu SMP Thu Jul 9 23:41:39 UTC 2020 (Ubuntu 4.15.0-112.113-generic 4.15.18)
[    0.000000] Command line: BOOT_IMAGE=/boot/vmlinuz-4.15.0-112-generic root=LABEL=cloudimg-rootfs ro console=tty1 console=ttyS0
[    0.000000] KERNEL supported cpus:
[    0.000000]   Intel GenuineIntel
[    0.000000]   AMD AuthenticAMD
[    0.000000]   Centaur CentaurHauls
[    0.000000] x86/fpu: Supporting XSAVE feature 0x001: 'x87 floating point registers'
[    0.000000] x86/fpu: Supporting XSAVE feature 0x002: 'SSE registers'
[    0.000000] x86/fpu: Supporting XSAVE feature 0x004: 'AVX registers'
[    0.000000] x86/fpu: xstate_offset[2]:  576, xstate_sizes[2]:  256
[    0.000000] x86/fpu: Enabled xstate features 0x7, context size is 832 bytes, using 'standard' format.
[    0.000000] e820: BIOS-provided physical RAM map:
[    0.000000] BIOS-e820: [mem 0x0000000000000000-0x000000000009fbff] usable
[    0.000000] BIOS-e820: [mem 0x000000000009fc00-0x000000000009ffff] reserved
[    0.000000] BIOS-e820: [mem 0x00000000000f0000-0x00000000000fffff] reserved
[    0.000000] BIOS-e820: [mem 0x0000000000100000-0x000000003ffeffff] usable
[    0.000000] BIOS-e820: [mem 0x000000003fff0000-0x000000003fffffff] ACPI data
[    0.000000] BIOS-e820: [mem 0x00000000fec00000-0x00000000fec00fff] reserved
[    0.000000] BIOS-e820: [mem 0x00000000fee00000-0x00000000fee00fff] reserved
[    0.000000] BIOS-e820: [mem 0x00000000fffc0000-0x00000000ffffffff] reserved
[    0.000000] NX (Execute Disable) protection: active
[    0.000000] SMBIOS 2.5 present.
[    0.000000] DMI: innotek GmbH VirtualBox/VirtualBox, BIOS VirtualBox 12/01/2006
[    0.000000] Hypervisor detected: KVM
[    0.000000] e820: last_pfn = 0x3fff0 max_arch_pfn = 0x400000000
[    0.000000] MTRR: Disabled
[    0.000000] x86/PAT: MTRRs disabled, skipping PAT initialization too.
[    0.000000] CPU MTRRs all blank - virtualized system.
[    0.000000] x86/PAT: Configuration [0-7]: WB  WT  UC- UC  WB  WT  UC- UC  
[    0.000000] found SMP MP-table at [mem 0x0009fff0-0x0009ffff]
[    0.000000] Scanning 1 areas for low memory corruption
[    0.000000] RAMDISK: [mem 0x35a69000-0x36d2bfff]
[    0.000000] ACPI: Early table checksum verification disabled
[    0.000000] ACPI: RSDP 0x00000000000E0000 000024 (v02 VBOX  )
[    0.000000] ACPI: XSDT 0x000000003FFF0030 00003C (v01 VBOX   VBOXXSDT 00000001 ASL  00000061)
[    0.000000] ACPI: FACP 0x000000003FFF00F0 0000F4 (v04 VBOX   VBOXFACP 00000001 ASL  00000061)
[    0.000000] ACPI: DSDT 0x000000003FFF0470 002325 (v02 VBOX   VBOXBIOS 00000002 INTL 20100528)
[    0.000000] ACPI: FACS 0x000000003FFF0200 000040
[    0.000000] ACPI: FACS 0x000000003FFF0200 000040
[    0.000000] ACPI: APIC 0x000000003FFF0240 00005C (v02 VBOX   VBOXAPIC 00000001 ASL  00000061)
[    0.000000] ACPI: SSDT 0x000000003FFF02A0 0001CC (v01 VBOX   VBOXCPUT 00000002 INTL 20100528)
[    0.000000] No NUMA configuration found
[    0.000000] Faking a node at [mem 0x0000000000000000-0x000000003ffeffff]
[    0.000000] NODE_DATA(0) allocated [mem 0x3ffc5000-0x3ffeffff]
[    0.000000] kvm-clock: cpu 0, msr 0:3ff44001, primary cpu clock
[    0.000000] kvm-clock: Using msrs 4b564d01 and 4b564d00
[    0.000000] kvm-clock: using sched offset of 6934012780 cycles
[    0.000000] clocksource: kvm-clock: mask: 0xffffffffffffffff max_cycles: 0x1cd42e4dffb, max_idle_ns: 881590591483 ns
[    0.000000] Zone ranges:
[    0.000000]   DMA      [mem 0x0000000000001000-0x0000000000ffffff]
[    0.000000]   DMA32    [mem 0x0000000001000000-0x000000003ffeffff]
[    0.000000]   Normal   empty
[    0.000000]   Device   empty
[    0.000000] Movable zone start for each node
[    0.000000] Early memory node ranges
[    0.000000]   node   0: [mem 0x0000000000001000-0x000000000009efff]
[    0.000000]   node   0: [mem 0x0000000000100000-0x000000003ffeffff]
[    0.000000] Reserved but unavailable: 98 pages
[    0.000000] Initmem setup node 0 [mem 0x0000000000001000-0x000000003ffeffff]
[    0.000000] ACPI: PM-Timer IO Port: 0x4008
[    0.000000] IOAPIC[0]: apic_id 2, version 32, address 0xfec00000, GSI 0-23
[    0.000000] ACPI: INT_SRC_OVR (bus 0 bus_irq 0 global_irq 2 dfl dfl)
[    0.000000] ACPI: INT_SRC_OVR (bus 0 bus_irq 9 global_irq 9 low level)
[    0.000000] Using ACPI (MADT) for SMP configuration information
[    0.000000] smpboot: Allowing 2 CPUs, 0 hotplug CPUs
[    0.000000] PM: Registered nosave memory: [mem 0x00000000-0x00000fff]
[    0.000000] PM: Registered nosave memory: [mem 0x0009f000-0x0009ffff]
[    0.000000] PM: Registered nosave memory: [mem 0x000a0000-0x000effff]
[    0.000000] PM: Registered nosave memory: [mem 0x000f0000-0x000fffff]
[    0.000000] e820: [mem 0x40000000-0xfebfffff] available for PCI devices
[    0.000000] Booting paravirtualized kernel on KVM
[    0.000000] clocksource: refined-jiffies: mask: 0xffffffff max_cycles: 0xffffffff, max_idle_ns: 7645519600211568 ns
[    0.000000] random: get_random_bytes called from start_kernel+0x99/0x500 with crng_init=0
[    0.000000] setup_percpu: NR_CPUS:8192 nr_cpumask_bits:2 nr_cpu_ids:2 nr_node_ids:1
[    0.000000] percpu: Embedded 45 pages/cpu s147456 r8192 d28672 u1048576
[    0.000000] PV qspinlock hash table entries: 256 (order: 0, 4096 bytes)
[    0.000000] Built 1 zonelists, mobility grouping on.  Total pages: 257913
[    0.000000] Policy zone: DMA32
[    0.000000] Kernel command line: BOOT_IMAGE=/boot/vmlinuz-4.15.0-112-generic root=LABEL=cloudimg-rootfs ro console=tty1 console=ttyS0
[    0.000000] Memory: 983040K/1048120K available (12300K kernel code, 2481K rwdata, 4272K rodata, 2436K init, 2720K bss, 65080K reserved, 0K cma-reserved)
[    0.000000] SLUB: HWalign=64, Order=0-3, MinObjects=0, CPUs=2, Nodes=1
[    0.000000] Kernel/User page tables isolation: enabled
[    0.000000] ftrace: allocating 39378 entries in 154 pages
[    0.004000] Hierarchical RCU implementation.
[    0.004000] 	RCU restricting CPUs from NR_CPUS=8192 to nr_cpu_ids=2.
[    0.004000] 	Tasks RCU enabled.
[    0.004000] RCU: Adjusting geometry for rcu_fanout_leaf=16, nr_cpu_ids=2
[    0.004000] NR_IRQS: 524544, nr_irqs: 440, preallocated irqs: 16
[    0.004000] Console: colour VGA+ 80x25
[    0.004000] console [tty1] enabled
[    0.004000] console [ttyS0] enabled
[    0.004000] ACPI: Core revision 20170831
[    0.004000] ACPI: 2 ACPI AML tables successfully acquired and loaded
[    0.004000] APIC: Switch to symmetric I/O mode setup
[    0.004000] x2apic enabled
[    0.004012] Switched APIC routing to physical x2apic.
[    0.012000] ..TIMER: vector=0x30 apic1=0 pin1=2 apic2=-1 pin2=-1
[    0.012005] tsc: Detected 1995.383 MHz processor
[    0.016014] Calibrating delay loop (skipped) preset value.. 3990.76 BogoMIPS (lpj=7981532)
[    0.020006] pid_max: default: 32768 minimum: 301
[    0.022648] Security Framework initialized
[    0.024005] Yama: becoming mindful.
[    0.026120] AppArmor: AppArmor initialized
[    0.032130] Dentry cache hash table entries: 131072 (order: 8, 1048576 bytes)
[    0.036176] Inode-cache hash table entries: 65536 (order: 7, 524288 bytes)
[    0.040039] Mount-cache hash table entries: 2048 (order: 2, 16384 bytes)
[    0.044015] Mountpoint-cache hash table entries: 2048 (order: 2, 16384 bytes)
[    0.048105] Last level iTLB entries: 4KB 64, 2MB 8, 4MB 8
[    0.050846] Last level dTLB entries: 4KB 64, 2MB 0, 4MB 0, 1GB 4
[    0.052006] Spectre V1 : Mitigation: usercopy/swapgs barriers and __user pointer sanitization
[    0.056007] Spectre V2 : Mitigation: Full generic retpoline
[    0.060005] Spectre V2 : Spectre v2 / SpectreRSB mitigation: Filling RSB on context switch
[    0.064004] Speculative Store Bypass: Vulnerable
[    0.068093] SRBDS: Unknown: Dependent on hypervisor status
[    0.072006] MDS: Mitigation: Clear CPU buffers
[    0.074982] Freeing SMP alternatives memory: 36K
[    0.189997] smpboot: CPU0: Intel(R) Core(TM) i3-5005U CPU @ 2.00GHz (family: 0x6, model: 0x3d, stepping: 0x4)
[    0.192184] Performance Events: unsupported p6 CPU model 61 no PMU driver, software events only.
[    0.196102] Hierarchical SRCU implementation.
[    0.201188] NMI watchdog: Perf event create on CPU 0 failed with -2
[    0.204007] NMI watchdog: Perf NMI watchdog permanently disabled
[    0.208139] smp: Bringing up secondary CPUs ...
[    0.216047] x86: Booting SMP configuration:
[    0.219493] .... node  #0, CPUs:      #1
[    0.004000] kvm-clock: cpu 1, msr 0:3ff44041, secondary cpu clock
[    0.227186] smp: Brought up 1 node, 2 CPUs
[    0.228011] smpboot: Max logical packages: 1
[    0.232009] smpboot: Total of 2 processors activated (7981.53 BogoMIPS)
[    0.236278] devtmpfs: initialized
[    0.240221] x86/mm: Memory block size: 128MB
[    0.244732] evm: security.selinux
[    0.248010] evm: security.SMACK64
[    0.249997] evm: security.SMACK64EXEC
[    0.252005] evm: security.SMACK64TRANSMUTE
[    0.254175] evm: security.SMACK64MMAP
[    0.256005] evm: security.apparmor
[    0.258176] evm: security.ima
[    0.260005] evm: security.capability
[    0.262174] clocksource: jiffies: mask: 0xffffffff max_cycles: 0xffffffff, max_idle_ns: 7645041785100000 ns
[    0.264031] futex hash table entries: 512 (order: 3, 32768 bytes)
[    0.272000] pinctrl core: initialized pinctrl subsystem
[    0.273484] RTC time:  5:23:29, date: 08/07/20
[    0.276431] NET: Registered protocol family 16
[    0.280391] audit: initializing netlink subsys (disabled)
[    0.284087] audit: type=2000 audit(1596777817.742:1): state=initialized audit_enabled=0 res=1
[    0.292023] cpuidle: using governor ladder
[    0.294387] cpuidle: using governor menu
[    0.296237] ACPI: bus type PCI registered
[    0.300010] acpiphp: ACPI Hot Plug PCI Controller Driver version: 0.5
[    0.304304] PCI: Using configuration type 1 for base access
[    0.316115] HugeTLB registered 2.00 MiB page size, pre-allocated 0 pages
[    0.320377] ACPI: Added _OSI(Module Device)
[    0.324022] ACPI: Added _OSI(Processor Device)
[    0.328009] ACPI: Added _OSI(3.0 _SCP Extensions)
[    0.332009] ACPI: Added _OSI(Processor Aggregator Device)
[    0.336011] ACPI: Added _OSI(Linux-Dell-Video)
[    0.339371] ACPI: Added _OSI(Linux-Lenovo-NV-HDMI-Audio)
[    0.340013] ACPI: Added _OSI(Linux-HPI-Hybrid-Graphics)
[    0.345035] ACPI: Executed 1 blocks of module-level executable AML code
[    0.369773] ACPI: Interpreter enabled
[    0.372036] ACPI: (supports S0 S5)
[    0.373990] ACPI: Using IOAPIC for interrupt routing
[    0.377357] PCI: Using host bridge windows from ACPI; if necessary, use "pci=nocrs" and report a bug
[    0.380698] ACPI: Enabled 2 GPEs in block 00 to 07
[    0.417874] ACPI: PCI Root Bridge [PCI0] (domain 0000 [bus 00-ff])
[    0.420026] acpi PNP0A03:00: _OSC: OS supports [ASPM ClockPM Segments MSI]
[    0.429234] acpi PNP0A03:00: _OSC: not requesting OS control; OS requires [ExtendedConfig ASPM ClockPM MSI]
[    0.432105] acpi PNP0A03:00: fail to add MMCONFIG information, can't access extended PCI configuration space under this bridge.
[    0.438317] PCI host bridge to bus 0000:00
[    0.440039] pci_bus 0000:00: root bus resource [io  0x0000-0x0cf7 window]
[    0.444019] pci_bus 0000:00: root bus resource [io  0x0d00-0xffff window]
[    0.448013] pci_bus 0000:00: root bus resource [mem 0x000a0000-0x000bffff window]
[    0.452015] pci_bus 0000:00: root bus resource [mem 0x40000000-0xfdffffff window]
[    0.456014] pci_bus 0000:00: root bus resource [bus 00-ff]
[    0.469428] pci 0000:00:01.1: legacy IDE quirk: reg 0x10: [io  0x01f0-0x01f7]
[    0.472016] pci 0000:00:01.1: legacy IDE quirk: reg 0x14: [io  0x03f6]
[    0.476019] pci 0000:00:01.1: legacy IDE quirk: reg 0x18: [io  0x0170-0x0177]
[    0.480014] pci 0000:00:01.1: legacy IDE quirk: reg 0x1c: [io  0x0376]
[    0.525328] pci 0000:00:07.0: quirk: [io  0x4000-0x403f] claimed by PIIX4 ACPI
[    0.528038] pci 0000:00:07.0: quirk: [io  0x4100-0x410f] claimed by PIIX4 SMB
[    0.551356] ACPI: PCI Interrupt Link [LNKA] (IRQs 5 9 10 *11)
[    0.556123] ACPI: PCI Interrupt Link [LNKB] (IRQs 5 9 *10 11)
[    0.559566] ACPI: PCI Interrupt Link [LNKC] (IRQs 5 *9 10 11)
[    0.560521] ACPI: PCI Interrupt Link [LNKD] (IRQs 5 9 10 *11)
[    0.565344] SCSI subsystem initialized
[    0.568127] pci 0000:00:02.0: vgaarb: setting as boot VGA device
[    0.571137] pci 0000:00:02.0: vgaarb: VGA device added: decodes=io+mem,owns=io+mem,locks=none
[    0.572013] pci 0000:00:02.0: vgaarb: bridge control possible
[    0.576005] vgaarb: loaded
[    0.577751] ACPI: bus type USB registered
[    0.580058] usbcore: registered new interface driver usbfs
[    0.582957] usbcore: registered new interface driver hub
[    0.584048] usbcore: registered new device driver usb
[    0.588138] EDAC MC: Ver: 3.0.0
[    0.592210] PCI: Using ACPI for IRQ routing
[    0.595106] NetLabel: Initializing
[    0.596006] NetLabel:  domain hash size = 128
[    0.598343] NetLabel:  protocols = UNLABELED CIPSOv4 CALIPSO
[    0.600049] NetLabel:  unlabeled traffic allowed by default
[    0.604272] clocksource: Switched to clocksource kvm-clock
[    0.678215] VFS: Disk quotas dquot_6.6.0
[    0.680662] VFS: Dquot-cache hash table entries: 512 (order 0, 4096 bytes)
[    0.684717] AppArmor: AppArmor Filesystem Enabled
[    0.687441] pnp: PnP ACPI init
[    0.693709] pnp: PnP ACPI: found 3 devices
[    0.713021] clocksource: acpi_pm: mask: 0xffffff max_cycles: 0xffffff, max_idle_ns: 2085701024 ns
[    0.718169] NET: Registered protocol family 2
[    0.721384] TCP established hash table entries: 8192 (order: 4, 65536 bytes)
[    0.725454] TCP bind hash table entries: 8192 (order: 5, 131072 bytes)
[    0.729354] TCP: Hash tables configured (established 8192 bind 8192)
[    0.739174] UDP hash table entries: 512 (order: 2, 16384 bytes)
[    0.742452] UDP-Lite hash table entries: 512 (order: 2, 16384 bytes)
[    0.745888] NET: Registered protocol family 1
[    0.748459] pci 0000:00:00.0: Limiting direct PCI/PCI transfers
[    0.751574] pci 0000:00:01.0: Activating ISA DMA hang workarounds
[    0.755148] pci 0000:00:02.0: Video device with shadowed ROM at [mem 0x000c0000-0x000dffff]
[    0.759860] Unpacking initramfs...
[    1.903794] Freeing initrd memory: 19212K
[    1.906687] clocksource: tsc: mask: 0xffffffffffffffff max_cycles: 0x398649fe205, max_idle_ns: 881590824548 ns
[    1.912643] platform rtc_cmos: registered platform RTC device (no PNP device found)
[    1.916940] Scanning for low memory corruption every 60 seconds
[    1.922125] Initialise system trusted keyrings
[    1.924841] Key type blacklist registered
[    1.927460] workingset: timestamp_bits=36 max_order=18 bucket_order=0
[    1.935467] zbud: loaded
[    1.938995] squashfs: version 4.0 (2009/01/31) Phillip Lougher
[    1.943071] fuse init (API version 7.26)
[    1.950533] Key type asymmetric registered
[    1.952889] Asymmetric key parser 'x509' registered
[    1.955504] Block layer SCSI generic (bsg) driver version 0.4 loaded (major 246)
[    1.960159] io scheduler noop registered
[    1.964858] io scheduler deadline registered
[    1.967513] io scheduler cfq registered (default)
[    1.971059] ACPI: AC Adapter [AC] (off-line)
[    1.973823] input: Power Button as /devices/LNXSYSTM:00/LNXPWRBN:00/input/input0
[    1.978267] ACPI: Power Button [PWRF]
[    1.980772] input: Sleep Button as /devices/LNXSYSTM:00/LNXSLPBN:00/input/input1
[    1.985118] ACPI: Sleep Button [SLPF]
[    1.991509] ACPI: Battery Slot [BAT0] (battery present)
[    1.994750] Serial: 8250/16550 driver, 32 ports, IRQ sharing enabled
[    2.020608] 00:02: ttyS0 at I/O 0x3f8 (irq = 4, base_baud = 115200) is a 16550A
[    2.033806] Linux agpgart interface v0.103
[    2.040935] loop: module loaded
[    2.044813] scsi host0: ata_piix
[    2.047246] scsi host1: ata_piix
[    2.049412] ata1: PATA max UDMA/33 cmd 0x1f0 ctl 0x3f6 bmdma 0xd000 irq 14
[    2.053346] ata2: PATA max UDMA/33 cmd 0x170 ctl 0x376 bmdma 0xd008 irq 15
[    2.057185] libphy: Fixed MDIO Bus: probed
[    2.059879] tun: Universal TUN/TAP device driver, 1.6
[    2.063190] PPP generic driver version 2.4.2
[    2.065762] ehci_hcd: USB 2.0 'Enhanced' Host Controller (EHCI) Driver
[    2.069319] ehci-pci: EHCI PCI platform driver
[    2.071945] ehci-platform: EHCI generic platform driver
[    2.074743] ohci_hcd: USB 1.1 'Open' Host Controller (OHCI) Driver
[    2.078005] ohci-pci: OHCI PCI platform driver
[    2.080421] ohci-platform: OHCI generic platform driver
[    2.083432] uhci_hcd: USB Universal Host Controller Interface driver
[    2.087143] i8042: PNP: PS/2 Controller [PNP0303:PS2K,PNP0f03:PS2M] at 0x60,0x64 irq 1,12
[    2.092892] serio: i8042 KBD port at 0x60,0x64 irq 1
[    2.095718] serio: i8042 AUX port at 0x60,0x64 irq 12
[    2.098978] mousedev: PS/2 mouse device common for all mice
[    2.103487] input: AT Translated Set 2 keyboard as /devices/platform/i8042/serio0/input/input2
[    2.108599] rtc_cmos rtc_cmos: rtc core: registered rtc_cmos as rtc0
[    2.112381] rtc_cmos rtc_cmos: alarms up to one day, 114 bytes nvram
[    2.115854] i2c /dev entries driver
[    2.118278] device-mapper: uevent: version 1.0.3
[    2.121332] device-mapper: ioctl: 4.37.0-ioctl (2017-09-20) initialised: dm-devel@redhat.com
[    2.126120] ledtrig-cpu: registered to indicate activity on CPUs
[    2.130828] NET: Registered protocol family 10
[    2.142600] Segment Routing with IPv6
[    2.144880] NET: Registered protocol family 17
[    2.147720] Key type dns_resolver registered
[    2.150856] mce: Using 0 MCE banks
[    2.153034] RAS: Correctable Errors collector initialized.
[    2.156050] sched_clock: Marking stable (2152981626, 0)->(2779895609, -626913983)
[    2.161491] registered taskstats version 1
[    2.163994] Loading compiled-in X.509 certificates
[    2.172876] Loaded X.509 cert 'Build time autogenerated kernel key: 1d4b83cbc5f7a3cd7e4471a5cf69d65d9314bdf5'
[    2.178288] zswap: loaded using pool lzo/zbud
[    2.189500] Key type big_key registered
[    2.191813] Key type trusted registered
[    2.198281] Key type encrypted registered
[    2.200686] AppArmor: AppArmor sha1 policy hashing enabled
[    2.203786] ima: No TPM chip found, activating TPM-bypass! (rc=-19)
[    2.207231] ima: Allocated hash algorithm: sha1
[    2.209948] evm: HMAC attrs: 0x1
[    2.212552]   Magic number: 0:887:364
[    2.214902] rtc_cmos rtc_cmos: setting system clock to 2020-08-07 05:23:31 UTC (1596777811)
[    2.231344] BIOS EDD facility v0.16 2004-Jun-25, 0 devices found
[    2.234501] EDD information not available.
[    2.262376] Freeing unused kernel image memory: 2436K
[    2.280972] Write protecting the kernel read-only data: 20480k
[    2.285993] Freeing unused kernel image memory: 2008K
[    2.289941] Freeing unused kernel image memory: 1872K
[    2.347331] x86/mm: Checked W+X mappings: passed, no W+X pages found.
[    2.351092] x86/mm: Checking user space page tables
[    2.407454] x86/mm: Checked W+X mappings: passed, no W+X pages found.
Loading, please wait...
starting version 237
[    2.639738] Fusion MPT base driver 3.04.20
[    2.643120] Copyright (c) 1999-2008 LSI Corporation
[    2.696892] e1000: Intel(R) PRO/1000 Network Driver - version 7.3.21-k8-NAPI
[    2.702277] e1000: Copyright (c) 1999-2006 Intel Corporation.
[    2.772906] Fusion MPT SPI Host driver 3.04.20
[    2.785003] AVX2 version of gcm_enc/dec engaged.
[    2.787805] AES CTR mode by8 optimization enabled
[    2.940297] input: ImExPS/2 Generic Explorer Mouse as /devices/platform/i8042/serio1/input/input4
[    3.448929] e1000 0000:00:03.0 eth0: (PCI:33MHz:32-bit) 02:a9:c7:4f:3f:23
[    3.452609] e1000 0000:00:03.0 eth0: Intel(R) PRO/1000 Network Connection
[    3.458893] e1000 0000:00:03.0 enp0s3: renamed from eth0
[    3.459977] mptbase: ioc0: Initiating bringup
[    3.569631] ioc0: LSI53C1030 A0: Capabilities={Initiator}
[    3.817372] scsi host2: ioc0: LSI53C1030 A0, FwRev=00000000h, Ports=1, MaxQ=256, IRQ=20
[    4.051783] scsi 2:0:0:0: Direct-Access     VBOX     HARDDISK         1.0  PQ: 0 ANSI: 5
[    4.812678] scsi target2:0:0: Beginning Domain Validation
[    4.819097] scsi target2:0:0: Domain Validation skipping write tests
[    4.823786] scsi target2:0:0: Ending Domain Validation
[    4.827724] scsi target2:0:0: asynchronous
[    4.832176] scsi 2:0:1:0: Direct-Access     VBOX     HARDDISK         1.0  PQ: 0 ANSI: 5
[    5.960851] scsi target2:0:1: Beginning Domain Validation
[    5.965274] random: fast init done
[    5.970219] scsi target2:0:1: Domain Validation skipping write tests
[    5.974953] scsi target2:0:1: Ending Domain Validation
[    5.978943] scsi target2:0:1: asynchronous
[    5.998115] random: systemd-udevd: uninitialized urandom read (16 bytes read)
[    6.003295] random: systemd-udevd: uninitialized urandom read (16 bytes read)
[    6.009968] random: systemd-udevd: uninitialized urandom read (16 bytes read)
[    6.010038] sd 2:0:0:0: Attached scsi generic sg0 type 0
[    6.020730] sd 2:0:0:0: [sda] 20971520 512-byte logical blocks: (10.7 GB/10.0 GiB)
[    6.025845] sd 2:0:1:0: Attached scsi generic sg1 type 0
[    6.025922] sd 2:0:0:0: [sda] Write Protect is off
[    6.034206] sd 2:0:1:0: [sdb] 20480 512-byte logical blocks: (10.5 MB/10.0 MiB)
[    6.036152] sd 2:0:0:0: [sda] Incomplete mode parameter data
[    6.044676] sd 2:0:0:0: [sda] Assuming drive cache: write through
[    6.049563] sd 2:0:1:0: [sdb] Write Protect is off
[    6.082699] sd 2:0:1:0: [sdb] Incomplete mode parameter data
[    6.086938] sd 2:0:1:0: [sdb] Assuming drive cache: write through
[    6.110946]  sda: sda1
[    6.114213] sd 2:0:0:0: [sda] Attached SCSI disk
[    6.125602] sd 2:0:1:0: [sdb] Attached SCSI disk
Begin: Loading essential drivers ... [    8.932253] raid6: sse2x1   gen()  1708 MB/s
[    8.980120] raid6: sse2x1   xor()  1074 MB/s
[    9.028092] raid6: sse2x2   gen()  3810 MB/s
[    9.076106] raid6: sse2x2   xor()  1753 MB/s
[    9.124576] raid6: sse2x4   gen()  4237 MB/s
[    9.172430] raid6: sse2x4   xor()  2403 MB/s
[    9.220280] raid6: avx2x1   gen()  3321 MB/s
[    9.268118] raid6: avx2x1   xor()  1795 MB/s
[    9.316109] raid6: avx2x2   gen()  6255 MB/s
[    9.364110] raid6: avx2x2   xor()  3299 MB/s
[    9.412143] raid6: avx2x4   gen()  8430 MB/s
[    9.460458] raid6: avx2x4   xor()  4127 MB/s
[    9.464149] raid6: using algorithm avx2x4 gen() 8430 MB/s
[    9.468763] raid6: .... xor() 4127 MB/s, rmw enabled
[    9.472196] raid6: using avx2x2 recovery algorithm
[    9.479632] xor: automatically using best checksumming function   avx       
[    9.487486] async_tx: api initialized (async)
done.
Begin: Running /scripts/init-premount ... done.
Begin: Mounting root file system ... Begin: Running /scripts/local-top ... done.
Begin: Running /scripts/local-premount ... [    9.641593] Btrfs loaded, crc32c=crc32c-intel
Scanning for Btrfs filesystems
done.
Warning: fsck not present, so skipping root file system
[    9.721855] EXT4-fs (sda1): INFO: recovery required on readonly filesystem
[    9.725329] EXT4-fs (sda1): write access will be enabled during recovery
[   10.293105] EXT4-fs (sda1): recovery complete
[   10.296042] EXT4-fs (sda1): mounted filesystem with ordered data mode. Opts: (null)
done.
Begin: Running /scripts/local-bottom ... done.
Begin: Running /scripts/init-bottom ... done.
[   11.438003] random: crng init done
[   11.440738] random: 7 urandom warning(s) missed due to ratelimiting
[   11.889780] ip_tables: (C) 2000-2006 Netfilter Core Team
[   12.074875] systemd[1]: systemd 237 running in system mode. (+PAM +AUDIT +SELINUX +IMA +APPARMOR +SMACK +SYSVINIT +UTMP +LIBCRYPTSETUP +GCRYPT +GNUTLS +ACL +XZ +LZ4 +SECCOMP +BLKID +ELFUTILS +KMOD -IDN2 +IDN -PCRE2 default-hierarchy=hybrid)
[   12.089803] systemd[1]: Detected virtualization oracle.
[   12.093625] systemd[1]: Detected architecture x86-64.

Welcome to [1mUbuntu 18.04.4 LTS[0m!

[   12.175386] systemd[1]: Set hostname to <ubuntu-bionic>.
[   13.979297] systemd[1]: Started Forward Password Requests to Wall Directory Watch.
[[0;32m  OK  [0m] Started Forward Password Requests to Wall Directory Watch.
[   13.990592] systemd[1]: Created slice User and Session Slice.
[[0;32m  OK  [0m] Created slice User and Session Slice.
[   13.995595] systemd[1]: Reached target System Time Synchronized.
[[0;32m  OK  [0m] Reached target System Time Synchronized.
[   14.000950] systemd[1]: Reached target User and Group Name Lookups.
[[0;32m  OK  [0m] Reached target User and Group Name Lookups.
[   14.006283] systemd[1]: Reached target Swap.
[[0;32m  OK  [0m] Reached target Swap.
[   14.010628] systemd[1]: Set up automount Arbitrary Executable File Formats File System Automount Point.
[[0;32m  OK  [0m] Set up automount Arbitrary Executabâ€¦rmats File System Automount Point.
[[0;32m  OK  [0m] Created slice System Slice.
[[0;32m  OK  [0m] Listening on Journal Socket.
         Starting Set the console keyboard layout...
         Starting Load Kernel Modules...
[[0;32m  OK  [0m] Listening on Journal Audit Socket.
[[0;32m  OK  [0m] Listening on LVM2 metadata daemon socket.
[[0;32m  OK  [0m] Listening on Network Service Netlink Socket.
[[0;32m  OK  [0m] Created slice system-serial\x2dgetty.slice.
[[0;32m  OK  [0m] Listening on udev Kernel Socket.
[[0;32m  OK  [0m] Listening on udev Control Socket.
         Starting udev Coldplug all Devices...
[[0;32m  OK  [0m] Listening on Device-mapper event daemon FIFOs.
[[0;32m  OK  [0m] Reached target Slices.
[[0;32m  OK  [0m] Listening on Journal Socket (/dev/log).
[[0;32m  OK  [0m] Listening on LVM2 poll daemon socket.
         Starting Create list of required stâ€¦ce nodes for the current kernel...
         Starting Monitoring of LVM2 mirrorsâ€¦ng dmeventd or progress polling...
[[0;32m  OK  [0m] Listening on /dev/initctl Compatibility Named Pipe.
         Mounting POSIX Message Queue File System...
         Mounting Huge Pages File System...
         Mounting Kernel Debug File System...
         Starting Uncomplicated firewall...
[[0;32m  OK  [0m] Listening on Syslog Socket.
         Starting Journal Service...
         Starting Remount Root and Kernel File Systems...
[[0;32m  OK  [0m] Started Create list of required staâ€¦vice nodes for the current kernel.
         Starting Create Static Device Nodes in /dev...
[[0;32m  OK  [0m] Started Uncomplicated firewall.
[[0;32m  OK  [0m] Started udev Coldplug all Devices.
[   14.449945] Loading iSCSI transport class v2.0-870.
[[0;32m  OK  [0m] Mounted POSIX Message Queue File System.
[[0;32m  OK  [0m] Mounted Kernel Debug File System.
[[0;32m  OK  [0m] Mounted Huge Pages File System.
[[0;32m  OK  [0m] Started Journal Service.
[   14.649744] iscsi: registered transport (tcp)
[   14.721726] EXT4-fs (sda1): re-mounted. Opts: (null)
[[0;32m  OK  [0m] Started Remount Root and Kernel File Systems.
         Starting Flush Journal to Persistent Storage...
         Starting Load/Save Random Seed...
[[0;32m  OK  [0m] Started LVM2 metadata daemon.
[   14.899830] systemd-journald[397]: Received request to flush runtime journal from PID 1
[[0;32m  OK  [0m] Started Set the console keyboard layout.
[[0;32m  OK  [0m] Started Load/Save Random Seed.
[[0;32m  OK  [0m] Started Create Static Device Nodes in /dev.
         Starting udev Kernel Device Manager...
[   15.158095] iscsi: registered transport (iser)
[[0;32m  OK  [0m] Started Load Kernel Modules.
         Mounting Kernel Configuration File System...
         Mounting FUSE Control File System...
         Starting Apply Kernel Variables...
[[0;32m  OK  [0m] Mounted Kernel Configuration File System.
[[0;32m  OK  [0m] Mounted FUSE Control File System.
[[0;32m  OK  [0m] Started Monitoring of LVM2 mirrors,â€¦sing dmeventd or progress polling.
[[0;32m  OK  [0m] Reached target Local File Systems (Pre).
[[0;32m  OK  [0m] Reached target Local File Systems.
         Starting Tell Plymouth To Write Out Runtime Data...
         Starting Set console font and keymap...
         Starting AppArmor initialization...
         Starting ebtables ruleset management...
[[0;32m  OK  [0m] Started Tell Plymouth To Write Out Runtime Data.
[[0;32m  OK  [0m] Started udev Kernel Device Manager.
[[0;32m  OK  [0m] Started Dispatch Password Requests to Console Directory Watch.
[[0;32m  OK  [0m] Reached target Local Encrypted Volumes.
[[0;32m  OK  [0m] Started Set console font and keymap.
[[0;32m  OK  [0m] Started Apply Kernel Variables.
[[0;32m  OK  [0m] Started Flush Journal to Persistent Storage.
         Starting Create Volatile Files and Directories...
[[0;32m  OK  [0m] Started Create Volatile Files and Directories.
         Starting Update UTMP about System Boot/Shutdown...
[[0;32m  OK  [0m] Started Update UTMP about System Boot/Shutdown.
[[0;32m  OK  [0m] Started ebtables ruleset management.
[[0;32m  OK  [0m] Found device /dev/ttyS0.
[[0;32m  OK  [0m] Listening on Load/Save RF Kill Switch Status /dev/rfkill Watch.
[[0;32m  OK  [0m] Started AppArmor initialization.
         Starting Initial cloud-init job (pre-networking)...
         Starting Load AppArmor profiles managed internally by snapd...
[[0;32m  OK  [0m] Started Load AppArmor profiles managed internally by snapd.
[   25.120734] cloud-init[526]: Cloud-init v. 20.2-45-g5f7825e2-0ubuntu1~18.04.1 running 'init-local' at Fri, 07 Aug 2020 05:23:53 +0000. Up 24.29 seconds.
[[0;32m  OK  [0m] Started Initial cloud-init job (pre-networking).
[[0;32m  OK  [0m] Reached target Network (Pre).
         Starting Network Service...
[[0;32m  OK  [0m] Started Network Service.
         Starting Wait for Network to be Configured...
         Starting Network Name Resolution...
[[0;32m  OK  [0m] Started Network Name Resolution.
[[0;32m  OK  [0m] Reached target Network.
[[0;32m  OK  [0m] Reached target Host and Network Name Lookups.
[[0;32m  OK  [0m] Started Wait for Network to be Configured.
         Starting Initial cloud-init job (metadata service crawler)...
[   29.160010] cloud-init[659]: Cloud-init v. 20.2-45-g5f7825e2-0ubuntu1~18.04.1 running 'init' at Fri, 07 Aug 2020 05:23:57 +0000. Up 28.43 seconds.
[   29.167401] cloud-init[659]: ci-info: ++++++++++++++++++++++++++++++++++++++Net device info++++++++++++++++++++++++++++++++++++++
[   29.173229] cloud-init[659]: ci-info: +--------+------+----------------------------+---------------+--------+-------------------+
[   29.178836] cloud-init[659]: ci-info: | Device |  Up  |          Address           |      Mask     | Scope  |     Hw-Address    |
[   29.184373] cloud-init[659]: ci-info: +--------+------+----------------------------+---------------+--------+-------------------+
[   29.190154] cloud-init[659]: ci-info: | enp0s3 | True |         10.0.2.15          | 255.255.255.0 | global | 02:a9:c7:4f:3f:23 |
[   29.195437] cloud-init[659]: ci-info: | enp0s3 | True | fe80::a9:c7ff:fe4f:3f23/64 |       .       |  link  | 02:a9:c7:4f:3f:23 |
[   29.201219] cloud-init[659]: ci-info: |   lo   | True |         127.0.0.1          |   255.0.0.0   |  host  |         .         |
[   29.247884] cloud-init[659]: ci-info: |   lo   | True |          ::1/128           |       .       |  host  |         .         |
[   29.252960] cloud-init[659]: ci-info: +--------+------+----------------------------+---------------+--------+-------------------+
[   29.258105] cloud-init[659]: ci-info: ++++++++++++++++++++++++++++Route IPv4 info+++++++++++++++++++++++++++++
[   29.263027] cloud-init[659]: ci-info: +-------+-------------+----------+-----------------+-----------+-------+
[   29.267949] cloud-init[659]: ci-info: | Route | Destination | Gateway  |     Genmask     | Interface | Flags |
[   29.272398] cloud-init[659]: ci-info: +-------+-------------+----------+-----------------+-----------+-------+
[   29.277073] cloud-init[659]: ci-info: |   0   |   0.0.0.0   | 10.0.2.2 |     0.0.0.0     |   enp0s3  |   UG  |
[   29.282198] cloud-init[659]: ci-info: |   1   |   10.0.2.0  | 0.0.0.0  |  255.255.255.0  |   enp0s3  |   U   |
[   29.286988] cloud-init[659]: ci-info: |   2   |   10.0.2.2  | 0.0.0.0  | 255.255.255.255 |   enp0s3  |   UH  |
[   29.291832] cloud-init[659]: ci-info: +-------+-------------+----------+-----------------+-----------+-------+
[   29.296718] cloud-init[659]: ci-info: +++++++++++++++++++Route IPv6 info+++++++++++++++++++
[   29.301142] cloud-init[659]: ci-info: +-------+-------------+---------+-----------+-------+
[   29.305329] cloud-init[659]: ci-info: | Route | Destination | Gateway | Interface | Flags |
[   29.309603] cloud-init[659]: ci-info: +-------+-------------+---------+-----------+-------+
[   29.313875] cloud-init[659]: ci-info: |   1   |  fe80::/64  |    ::   |   enp0s3  |   U   |
[   29.318042] cloud-init[659]: ci-info: |   3   |    local    |    ::   |   enp0s3  |   U   |
[   29.321525] cloud-init[659]: ci-info: |   4   |   ff00::/8  |    ::   |   enp0s3  |   U   |
[   29.325399] cloud-init[659]: ci-info: +-------+-------------+---------+-----------+-------+
[[0;32m  OK  [0m] Started Initial cloud-init job (metadata service crawler).
[[0;32m  OK  [0m] Reached target Cloud-config availability.
[[0;32m  OK  [0m] Reached target Network is Online.
[[0;32m  OK  [0m] Reached target Remote File Systems (Pre).
[[0;32m  OK  [0m] Reached target Remote File Systems.
         Starting Availability of block devices...
[[0;32m  OK  [0m] Reached target System Initialization.
[[0;32m  OK  [0m] Started Message of the Day.
[[0;32m  OK  [0m] Listening on ACPID Listen Socket.
[[0;32m  OK  [0m] Listening on UUID daemon activation socket.
[[0;32m  OK  [0m] Started Daily apt upgrade and clean activities.
[[0;32m  OK  [0m] Started Daily Cleanup of Temporary Directories.
         Starting LXD - unix socket.
[[0;32m  OK  [0m] Started Discard unused blocks once a week.
[[0;32m  OK  [0m] Reached target Timers.
[[0;32m  OK  [0m] Started ACPI Events Check.
[[0;32m  OK  [0m] Reached target Paths.
         Starting Socket activation for snappy daemon.
[[0;32m  OK  [0m] Listening on Open-iSCSI iscsid Socket.
[[0;32m  OK  [0m] Listening on D-Bus System Message Bus Socket.
[[0;32m  OK  [0m] Started Availability of block devices.
[[0;32m  OK  [0m] Listening on LXD - unix socket.
[[0;32m  OK  [0m] Listening on Socket activation for snappy daemon.
[[0;32m  OK  [0m] Reached target Sockets.
[[0;32m  OK  [0m] Reached target Basic System.
[[0;32m  OK  [0m] Started FUSE filesystem for LXC.
         Starting Message of the Day...
         Starting LSB: automatic crash report generation...
         Starting Permit User Sessions...
[[0;32m  OK  [0m] Started Regular background program processing daemon.
         Starting Accounts Service...
[[0;32m  OK  [0m] Started irqbalance daemon.
         Starting System Logging Service...
         Starting Virtualbox guest utils...
         Starting Login Service...
[[0;32m  OK  [0m] Started D-Bus System Message Bus.
[[0;32m  OK  [0m] Started Login Service.
[[0;32m  OK  [0m] Started Unattended Upgrades Shutdown.
         Starting LSB: Record successful boot for GRUB...
         Starting Dispatcher daemon for systemd-networkd...
         Starting OpenBSD Secure Shell server...
         Starting Snap Daemon...
[[0;32m  OK  [0m] Started Deferred execution scheduler.
         Starting LXD - container startup/shutdown...
[[0;32m  OK  [0m] Started System Logging Service.
[[0;32m  OK  [0m] Started Permit User Sessions.
         Starting Authorization Manager...
         Starting Terminate Plymouth Boot Screen...
         Starting Hold until boot process finishes up...
[[0;32m  OK  [0m] Started Hold until boot process finishes up.
         Starting Set console scheme...
[[0;32m  OK  [0m] Started Serial Getty on ttyS0.
[[0;32m  OK  [0m] Started Terminate Plymouth Boot Screen.
[[0;32m  OK  [0m] Started LSB: automatic crash report generation.
[[0;32m  OK  [0m] Started Set console scheme.
[[0;32m  OK  [0m] Created slice system-getty.slice.
[[0;32m  OK  [0m] Started Getty on tty1.
[[0;32m  OK  [0m] Reached target Login Prompts.
[[0;32m  OK  [0m] Started LSB: Record successful boot for GRUB.
[[0;32m  OK  [0m] Started Authorization Manager.
[[0;32m  OK  [0m] Started Accounts Service.
[[0;32m  OK  [0m] Started Virtualbox guest utils.
[[0;32m  OK  [0m] Started OpenBSD Secure Shell server.
[[0;32m  OK  [0m] Created slice User Slice of vagrant.
[[0;32m  OK  [0m] Started Dispatcher daemon for systemd-networkd.
         Starting User Manager for UID 1000...
[[0;32m  OK  [0m] Started Session 1 of user vagrant.
[[0;32m  OK  [0m] Started User Manager for UID 1000.
[[0;32m  OK  [0m] Started LXD - container startup/shutdown.

Ubuntu 18.04.4 LTS ubuntu-bionic ttyS0

ubuntu-bionic login: [   40.634968] cloud-init[1221]: Cloud-init v. 20.2-45-g5f7825e2-0ubuntu1~18.04.1 running 'modules:config' at Fri, 07 Aug 2020 05:24:09 +0000. Up 40.11 seconds.
[   43.494339] cloud-init[1273]: Cloud-init v. 20.2-45-g5f7825e2-0ubuntu1~18.04.1 running 'modules:final' at Fri, 07 Aug 2020 05:24:12 +0000. Up 42.92 seconds.
[   43.509022] cloud-init[1273]: Cloud-init v. 20.2-45-g5f7825e2-0ubuntu1~18.04.1 finished at Fri, 07 Aug 2020 05:24:12 +0000. Datasource DataSourceNoCloud [seed=/dev/sdb][dsmode=net].  Up 43.45 seconds
